127.0.0.1 - - [06/Feb/2020:08:57:52 +0530] "GET / HTTP/1.1" 404 709
0:0:0:0:0:0:0:1 - - [06/Feb/2020:08:57:52 +0530] "GET /webproject/index.html HTTP/1.1" 304 -
0:0:0:0:0:0:0:1 - - [06/Feb/2020:08:58:05 +0530] "POST /webproject/DataBaseServlet HTTP/1.1" 200 -
0:0:0:0:0:0:0:1 - - [06/Feb/2020:08:58:32 +0530] "POST /webproject/DataBaseServlet HTTP/1.1" 200 -
127.0.0.1 - - [06/Feb/2020:08:59:28 +0530] "GET / HTTP/1.1" 404 709
0:0:0:0:0:0:0:1 - - [06/Feb/2020:08:59:42 +0530] "POST /webproject/DataBaseServlet HTTP/1.1" 200 -
127.0.0.1 - - [06/Feb/2020:09:07:00 +0530] "GET / HTTP/1.1" 404 709
0:0:0:0:0:0:0:1 - - [06/Feb/2020:09:07:10 +0530] "POST /webproject/DataBaseServlet HTTP/1.1" 200 -
127.0.0.1 - - [06/Feb/2020:09:09:45 +0530] "GET / HTTP/1.1" 404 709
0:0:0:0:0:0:0:1 - - [06/Feb/2020:09:09:56 +0530] "POST /webproject/DataBaseServlet HTTP/1.1" 200 -
127.0.0.1 - - [06/Feb/2020:09:13:09 +0530] "GET / HTTP/1.1" 404 709
0:0:0:0:0:0:0:1 - - [06/Feb/2020:09:13:22 +0530] "POST /webproject/DataBaseServlet HTTP/1.1" 200 56
0:0:0:0:0:0:0:1 - - [06/Feb/2020:09:14:45 +0530] "GET /webproject/index.html HTTP/1.1" 200 350
0:0:0:0:0:0:0:1 - - [06/Feb/2020:09:15:01 +0530] "POST /webproject/DataBaseServlet HTTP/1.1" 200 56
0:0:0:0:0:0:0:1 - - [06/Feb/2020:09:15:05 +0530] "POST /webproject/DataBaseServlet HTTP/1.1" 200 56
0:0:0:0:0:0:0:1 - - [06/Feb/2020:09:15:05 +0530] "GET /favicon.ico HTTP/1.1" 404 720
0:0:0:0:0:0:0:1 - - [06/Feb/2020:09:15:12 +0530] "GET /webproject/ HTTP/1.1" 200 350
0:0:0:0:0:0:0:1 - - [06/Feb/2020:09:15:38 +0530] "POST /webproject/DataBaseServlet HTTP/1.1" 200 58
0:0:0:0:0:0:0:1 - - [06/Feb/2020:09:15:51 +0530] "POST /webproject/DataBaseServlet HTTP/1.1" 200 56
0:0:0:0:0:0:0:1 - - [06/Feb/2020:09:16:04 +0530] "POST /webproject/DataBaseServlet HTTP/1.1" 200 58
0:0:0:0:0:0:0:1 - - [06/Feb/2020:09:16:15 +0530] "POST /webproject/DataBaseServlet HTTP/1.1" 200 56
0:0:0:0:0:0:0:1 - - [06/Feb/2020:10:02:41 +0530] "GET /webproject/registration.html HTTP/1.1" 200 762
127.0.0.1 - - [06/Feb/2020:10:17:34 +0530] "GET / HTTP/1.1" 404 709
0:0:0:0:0:0:0:1 - - [06/Feb/2020:10:17:34 +0530] "GET /webproject/registration.html HTTP/1.1" 200 791
0:0:0:0:0:0:0:1 - - [06/Feb/2020:10:18:16 +0530] "POST /webproject/RegisterServlet HTTP/1.1" 200 22
127.0.0.1 - - [06/Feb/2020:10:20:26 +0530] "GET / HTTP/1.1" 404 709
0:0:0:0:0:0:0:1 - - [06/Feb/2020:10:20:27 +0530] "GET /webproject/registration.html HTTP/1.1" 304 -
0:0:0:0:0:0:0:1 - - [06/Feb/2020:10:21:18 +0530] "POST /webproject/RegisterServlet HTTP/1.1" 200 22
0:0:0:0:0:0:0:1 - - [06/Feb/2020:10:23:23 +0530] "GET /webproject/registration.html HTTP/1.1" 200 777
0:0:0:0:0:0:0:1 - - [06/Feb/2020:10:23:56 +0530] "GET /webproject/RegisterServlet?name=sam&dept=it&desg=pat&comp=cts&mobile=9885558229&email=saiswaroop1547@gmail.com&Register=Submit+Query HTTP/1.1" 200 22
0:0:0:0:0:0:0:1 - - [06/Feb/2020:10:24:51 +0530] "GET /webproject/registration.html HTTP/1.1" 200 768
0:0:0:0:0:0:0:1 - - [06/Feb/2020:10:25:05 +0530] "GET /webproject/RegisterServlet?name=sam&dept=jhvx&desg=kgkbj&comp=ugbk%2C&mobile=65453&email=hvbkgl&Register=Submit+Query HTTP/1.1" 200 83
0:0:0:0:0:0:0:1 - - [06/Feb/2020:10:25:46 +0530] "GET /webproject/registration.html HTTP/1.1" 304 -
0:0:0:0:0:0:0:1 - - [06/Feb/2020:10:26:54 +0530] "GET /webproject/RegisterServlet?name=swaroop&dept=it&desg=pat&comp=cts&mobile=9885558229&email=saiswaroop1547@gmail.com&Register=Submit+Query HTTP/1.1" 200 22
0:0:0:0:0:0:0:1 - - [06/Feb/2020:10:30:18 +0530] "GET /webproject/RegisterServlet?name=swaroop&dept=it&desg=pat&comp=cts&mobile=9885558229&email=swaroop@gmail.com&Register=Submit+Query HTTP/1.1" 200 83
127.0.0.1 - - [06/Feb/2020:10:49:57 +0530] "GET / HTTP/1.1" 404 709
0:0:0:0:0:0:0:1 - - [06/Feb/2020:10:49:58 +0530] "GET /webproject/search.html HTTP/1.1" 200 330
127.0.0.1 - - [06/Feb/2020:10:54:40 +0530] "GET / HTTP/1.1" 404 709
0:0:0:0:0:0:0:1 - - [06/Feb/2020:10:54:40 +0530] "GET /webproject/search.html HTTP/1.1" 304 -
0:0:0:0:0:0:0:1 - - [06/Feb/2020:10:54:48 +0530] "GET /webproject/SerarchServlet HTTP/1.1" 404 738
0:0:0:0:0:0:0:1 - - [06/Feb/2020:10:57:23 +0530] "GET /webproject/search.html HTTP/1.1" 200 328
0:0:0:0:0:0:0:1 - - [06/Feb/2020:10:57:34 +0530] "GET /webproject/SerarchServlet?name=swaroop&search=Submit+Query HTTP/1.1" 404 738
0:0:0:0:0:0:0:1 - - [06/Feb/2020:10:57:45 +0530] "GET /webproject/SerarchServlet HTTP/1.1" 404 738
0:0:0:0:0:0:0:1 - - [06/Feb/2020:11:02:22 +0530] "GET /webproject/search.html HTTP/1.1" 304 -
0:0:0:0:0:0:0:1 - - [06/Feb/2020:11:02:32 +0530] "GET /webproject/SerarchServlet?name=swaroop&search=Submit+Query HTTP/1.1" 404 738
0:0:0:0:0:0:0:1 - - [06/Feb/2020:11:04:33 +0530] "GET /webproject/search.html HTTP/1.1" 304 -
0:0:0:0:0:0:0:1 - - [06/Feb/2020:11:04:37 +0530] "GET /webproject/SerarchServlet?name=swaroop&search=Submit+Query HTTP/1.1" 404 738
0:0:0:0:0:0:0:1 - - [06/Feb/2020:11:05:17 +0530] "GET /webproject/SerarchServlet?name=swaroop&search=Submit+Query HTTP/1.1" 404 738
0:0:0:0:0:0:0:1 - - [06/Feb/2020:11:10:57 +0530] "GET /webproject/search.html HTTP/1.1" 200 325
0:0:0:0:0:0:0:1 - - [06/Feb/2020:11:11:04 +0530] "GET /webproject/SerarchServlet?name=swaroop&search=Submit+Query HTTP/1.1" 404 738
0:0:0:0:0:0:0:1 - - [06/Feb/2020:11:11:28 +0530] "GET /webproject/search.html HTTP/1.1" 200 324
0:0:0:0:0:0:0:1 - - [06/Feb/2020:11:11:32 +0530] "GET /webproject/SerrchServlet?name=swaroop&search=Submit+Query HTTP/1.1" 404 737
0:0:0:0:0:0:0:1 - - [06/Feb/2020:11:11:48 +0530] "GET /webproject/search.html HTTP/1.1" 200 324
0:0:0:0:0:0:0:1 - - [06/Feb/2020:11:11:53 +0530] "GET /webproject/SearchServlet?name=swaroop&search=Submit+Query HTTP/1.1" 200 46
0:0:0:0:0:0:0:1 - - [06/Feb/2020:11:46:13 +0530] "GET /webproject/search.html HTTP/1.1" 200 324
0:0:0:0:0:0:0:1 - - [06/Feb/2020:11:46:17 +0530] "GET /webproject/SearchServlet?name=sam&search=Submit+Query HTTP/1.1" 200 46
127.0.0.1 - - [06/Feb/2020:12:15:27 +0530] "GET / HTTP/1.1" 404 709
0:0:0:0:0:0:0:1 - - [06/Feb/2020:12:15:28 +0530] "GET /ServExamples/Serv1 HTTP/1.1" 200 25
127.0.0.1 - - [06/Feb/2020:12:15:54 +0530] "GET / HTTP/1.1" 404 709
0:0:0:0:0:0:0:1 - - [06/Feb/2020:12:15:54 +0530] "GET /ServExamples/Serv1 HTTP/1.1" 200 67
127.0.0.1 - - [06/Feb/2020:12:16:33 +0530] "GET / HTTP/1.1" 404 709
0:0:0:0:0:0:0:1 - - [06/Feb/2020:12:16:34 +0530] "GET /ServExamples/Serv1 HTTP/1.1" 200 92
127.0.0.1 - - [06/Feb/2020:12:33:49 +0530] "GET / HTTP/1.1" 404 709
0:0:0:0:0:0:0:1 - - [06/Feb/2020:12:33:49 +0530] "GET /webapp1/Serv1 HTTP/1.1" 500 35
127.0.0.1 - - [06/Feb/2020:12:35:56 +0530] "GET / HTTP/1.1" 404 709
0:0:0:0:0:0:0:1 - - [06/Feb/2020:12:35:56 +0530] "GET /webapp1/Serv1 HTTP/1.1" 500 35
0:0:0:0:0:0:0:1 - - [06/Feb/2020:12:36:04 +0530] "GET /webapp1/Serv1 HTTP/1.1" 500 35
0:0:0:0:0:0:0:1 - - [06/Feb/2020:12:36:45 +0530] "GET /webapp1/Serv1 HTTP/1.1" 500 35
127.0.0.1 - - [06/Feb/2020:12:38:16 +0530] "GET / HTTP/1.1" 404 709
0:0:0:0:0:0:0:1 - - [06/Feb/2020:12:38:16 +0530] "GET /webapp1/Serv1 HTTP/1.1" 500 35
127.0.0.1 - - [06/Feb/2020:12:39:24 +0530] "GET / HTTP/1.1" 404 709
0:0:0:0:0:0:0:1 - - [06/Feb/2020:12:39:25 +0530] "GET /webapp1/Serv1 HTTP/1.1" 500 35
127.0.0.1 - - [06/Feb/2020:12:41:45 +0530] "GET / HTTP/1.1" 404 709
0:0:0:0:0:0:0:1 - - [06/Feb/2020:12:41:46 +0530] "GET /webapp1/Serv1 HTTP/1.1" 500 35
127.0.0.1 - - [06/Feb/2020:12:45:05 +0530] "GET / HTTP/1.1" 404 709
0:0:0:0:0:0:0:1 - - [06/Feb/2020:12:45:05 +0530] "GET /webapp2/Serv2 HTTP/1.1" 200 25
127.0.0.1 - - [06/Feb/2020:15:40:40 +0530] "GET / HTTP/1.1" 404 709
0:0:0:0:0:0:0:1 - - [06/Feb/2020:15:40:40 +0530] "GET /Storage/index.html HTTP/1.1" 200 389
0:0:0:0:0:0:0:1 - - [06/Feb/2020:15:40:45 +0530] "POST /Storage/Servlet HTTP/1.1" 404 728
127.0.0.1 - - [06/Feb/2020:16:01:25 +0530] "GET / HTTP/1.1" 404 709
0:0:0:0:0:0:0:1 - - [06/Feb/2020:16:01:25 +0530] "GET /Storage/index.html HTTP/1.1" 304 -
0:0:0:0:0:0:0:1 - - [06/Feb/2020:16:01:39 +0530] "POST /Storage/Servlet HTTP/1.1" 200 -
127.0.0.1 - - [06/Feb/2020:16:07:50 +0530] "GET / HTTP/1.1" 404 709
0:0:0:0:0:0:0:1 - - [06/Feb/2020:16:07:51 +0530] "GET /Storage/index.html HTTP/1.1" 304 -
0:0:0:0:0:0:0:1 - - [06/Feb/2020:16:08:07 +0530] "POST /Storage/Servlet HTTP/1.1" 200 78
127.0.0.1 - - [06/Feb/2020:16:14:17 +0530] "GET / HTTP/1.1" 404 709
0:0:0:0:0:0:0:1 - - [06/Feb/2020:16:14:17 +0530] "GET /Storage/index.html HTTP/1.1" 304 -
0:0:0:0:0:0:0:1 - - [06/Feb/2020:16:14:35 +0530] "POST /Storage/Servlet HTTP/1.1" 200 78
127.0.0.1 - - [06/Feb/2020:16:27:13 +0530] "GET / HTTP/1.1" 404 709
0:0:0:0:0:0:0:1 - - [06/Feb/2020:16:27:14 +0530] "GET /Storage/index.html HTTP/1.1" 304 -
0:0:0:0:0:0:0:1 - - [06/Feb/2020:16:27:32 +0530] "POST /Storage/Servlet HTTP/1.1" 200 76
127.0.0.1 - - [06/Feb/2020:16:28:32 +0530] "GET / HTTP/1.1" 404 709
0:0:0:0:0:0:0:1 - - [06/Feb/2020:16:28:48 +0530] "POST /Storage/Servlet HTTP/1.1" 200 -
127.0.0.1 - - [06/Feb/2020:16:31:00 +0530] "GET / HTTP/1.1" 404 709
0:0:0:0:0:0:0:1 - - [06/Feb/2020:16:31:15 +0530] "POST /Storage/Servlet HTTP/1.1" 200 79
127.0.0.1 - - [06/Feb/2020:16:32:26 +0530] "GET / HTTP/1.1" 404 709
0:0:0:0:0:0:0:1 - - [06/Feb/2020:16:32:26 +0530] "GET /Storage/index.html HTTP/1.1" 304 -
0:0:0:0:0:0:0:1 - - [06/Feb/2020:16:32:36 +0530] "POST /Storage/Servlet HTTP/1.1" 200 79
0:0:0:0:0:0:0:1 - - [06/Feb/2020:16:38:21 +0530] "GET /Storage/index.html HTTP/1.1" 304 -
127.0.0.1 - - [06/Feb/2020:16:49:04 +0530] "GET / HTTP/1.1" 404 709
0:0:0:0:0:0:0:1 - - [06/Feb/2020:16:49:04 +0530] "GET /Storage/index.html HTTP/1.1" 304 -
0:0:0:0:0:0:0:1 - - [06/Feb/2020:16:49:16 +0530] "POST /Storage/Servlet HTTP/1.1" 200 79
127.0.0.1 - - [06/Feb/2020:16:50:26 +0530] "GET / HTTP/1.1" 404 709
0:0:0:0:0:0:0:1 - - [06/Feb/2020:16:50:38 +0530] "POST /Storage/Servlet HTTP/1.1" 200 75
127.0.0.1 - - [06/Feb/2020:16:56:32 +0530] "GET / HTTP/1.1" 404 709
0:0:0:0:0:0:0:1 - - [06/Feb/2020:16:56:32 +0530] "GET /Storage/index.html HTTP/1.1" 304 -
0:0:0:0:0:0:0:1 - - [06/Feb/2020:16:56:48 +0530] "POST /Storage/Servlet HTTP/1.1" 302 -
0:0:0:0:0:0:0:1 - - [06/Feb/2020:16:56:48 +0530] "GET /sucess.html HTTP/1.1" 404 720
127.0.0.1 - - [06/Feb/2020:17:00:02 +0530] "GET / HTTP/1.1" 404 709
0:0:0:0:0:0:0:1 - - [06/Feb/2020:17:00:12 +0530] "POST /Storage/Servlet HTTP/1.1" 404 734
127.0.0.1 - - [06/Feb/2020:17:09:53 +0530] "GET / HTTP/1.1" 404 709
0:0:0:0:0:0:0:1 - - [06/Feb/2020:17:09:53 +0530] "GET /Storage/index.html HTTP/1.1" 304 -
0:0:0:0:0:0:0:1 - - [06/Feb/2020:17:10:16 +0530] "POST /Storage/Servlet HTTP/1.1" 200 79
127.0.0.1 - - [06/Feb/2020:17:11:55 +0530] "GET / HTTP/1.1" 404 709
0:0:0:0:0:0:0:1 - - [06/Feb/2020:17:12:05 +0530] "POST /Storage/Servlet HTTP/1.1" 200 75
127.0.0.1 - - [06/Feb/2020:17:12:49 +0530] "GET / HTTP/1.1" 404 709
0:0:0:0:0:0:0:1 - - [06/Feb/2020:17:13:08 +0530] "POST /Storage/Servlet HTTP/1.1" 302 -
0:0:0:0:0:0:0:1 - - [06/Feb/2020:17:13:08 +0530] "GET /sucess.html HTTP/1.1" 404 720
127.0.0.1 - - [06/Feb/2020:17:17:12 +0530] "GET / HTTP/1.1" 404 709
0:0:0:0:0:0:0:1 - - [06/Feb/2020:17:17:24 +0530] "POST /Storage/Servlet HTTP/1.1" 200 75
127.0.0.1 - - [06/Feb/2020:17:37:57 +0530] "GET / HTTP/1.1" 404 709
0:0:0:0:0:0:0:1 - - [06/Feb/2020:17:37:57 +0530] "GET /Storage/index.html HTTP/1.1" 304 -
0:0:0:0:0:0:0:1 - - [06/Feb/2020:17:38:13 +0530] "POST /Storage/Servlet HTTP/1.1" 302 -
0:0:0:0:0:0:0:1 - - [06/Feb/2020:17:38:13 +0530] "GET /sucess.html HTTP/1.1" 404 720
127.0.0.1 - - [06/Feb/2020:17:40:06 +0530] "GET / HTTP/1.1" 404 709
0:0:0:0:0:0:0:1 - - [06/Feb/2020:17:40:15 +0530] "POST /Storage/Servlet HTTP/1.1" 302 -
0:0:0:0:0:0:0:1 - - [06/Feb/2020:17:40:15 +0530] "GET /sucess.html HTTP/1.1" 404 720
127.0.0.1 - - [06/Feb/2020:17:42:49 +0530] "GET / HTTP/1.1" 404 709
0:0:0:0:0:0:0:1 - - [06/Feb/2020:17:43:00 +0530] "POST /Storage/Servlet HTTP/1.1" 302 -
0:0:0:0:0:0:0:1 - - [06/Feb/2020:17:43:00 +0530] "GET /sucess.html HTTP/1.1" 404 720
0:0:0:0:0:0:0:1 - - [06/Feb/2020:17:43:21 +0530] "GET /sucess.html HTTP/1.1" 404 720
127.0.0.1 - - [06/Feb/2020:17:46:49 +0530] "GET / HTTP/1.1" 404 709
0:0:0:0:0:0:0:1 - - [06/Feb/2020:17:47:02 +0530] "POST /Storage/Servlet HTTP/1.1" 302 -
0:0:0:0:0:0:0:1 - - [06/Feb/2020:17:47:02 +0530] "GET /sucess HTTP/1.1" 404 715
0:0:0:0:0:0:0:1 - - [06/Feb/2020:17:50:29 +0530] "GET /Storage/sucess.html HTTP/1.1" 200 166
127.0.0.1 - - [06/Feb/2020:17:51:08 +0530] "GET / HTTP/1.1" 404 709
0:0:0:0:0:0:0:1 - - [06/Feb/2020:17:51:08 +0530] "GET /Storage/index.html HTTP/1.1" 304 -
0:0:0:0:0:0:0:1 - - [06/Feb/2020:17:51:34 +0530] "POST /Storage/Servlet HTTP/1.1" 302 -
0:0:0:0:0:0:0:1 - - [06/Feb/2020:17:51:34 +0530] "GET /Storage/sucess.html HTTP/1.1" 200 166
